
R version 3.2.3 (2015-12-10) -- "Wooden Christmas-Tree"
Copyright (C) 2015 The R Foundation for Statistical Computing
Platform: x86_64-apple-darwin13.4.0 (64-bit)

R is free software and comes with ABSOLUTELY NO WARRANTY.
You are welcome to redistribute it under certain conditions.
Type 'license()' or 'licence()' for distribution details.

R is a collaborative project with many contributors.
Type 'contributors()' for more information and
'citation()' on how to cite R or R packages in publications.

Type 'demo()' for some demos, 'help()' for on-line help, or
'help.start()' for an HTML browser interface to help.
Type 'q()' to quit R.

> library(testthat)
> library(BBmisc)
> library(ParamHelpers)
> 
> test_check("ParamHelpers")
Warning in generateDesign(1000, ps) :
  generateDesign could only produce 997 points instead of 1000!
Warning in generateDesign(10, par.set = ps8) :
  generateDesign could only produce 4 points instead of 10!
testthat results ================================================================
OK: 840 SKIPPED: 0 FAILED: 0
There were 15 warnings (use warnings() to see them)
> 
> proc.time()
   user  system elapsed 
 12.647   0.277  13.766 
